2025-10-07 12:39:22.598 +05:30 [INF] Initializing Coplay services
2025-10-07 12:39:22.615 +05:30 [INF] Initializing EditorThreadHelper
2025-10-07 12:39:22.615 +05:30 [INF] EditorThreadHelper initialized successfully
2025-10-07 13:02:10.932 +05:30 [INF] Deinitializing Coplay services
2025-10-07 13:02:10.935 +05:30 [INF] EditorThreadHelper disposed
2025-10-07 13:02:30.524 +05:30 [INF] Initializing Coplay services
2025-10-07 13:02:30.539 +05:30 [INF] Initializing EditorThreadHelper
2025-10-07 13:02:30.539 +05:30 [INF] EditorThreadHelper initialized successfully
2025-10-07 13:04:06.562 +05:30 [INF] Deinitializing Coplay services
2025-10-07 13:04:06.564 +05:30 [INF] EditorThreadHelper disposed
2025-10-07 13:04:09.829 +05:30 [INF] Initializing Coplay services
2025-10-07 13:04:09.857 +05:30 [INF] Initializing EditorThreadHelper
2025-10-07 13:04:09.857 +05:30 [INF] EditorThreadHelper initialized successfully
2025-10-07 13:12:14.935 +05:30 [INF] Deinitializing Coplay services
2025-10-07 13:12:14.937 +05:30 [INF] EditorThreadHelper disposed
2025-10-07 13:12:18.337 +05:30 [INF] Initializing Coplay services
2025-10-07 13:12:18.376 +05:30 [INF] Initializing EditorThreadHelper
2025-10-07 13:12:18.376 +05:30 [INF] EditorThreadHelper initialized successfully
2025-10-07 13:17:03.089 +05:30 [INF] Deinitializing Coplay services
2025-10-07 13:17:03.091 +05:30 [INF] EditorThreadHelper disposed
2025-10-07 13:17:06.475 +05:30 [INF] Initializing Coplay services
2025-10-07 13:17:06.491 +05:30 [INF] Initializing EditorThreadHelper
2025-10-07 13:17:06.491 +05:30 [INF] EditorThreadHelper initialized successfully
2025-10-07 13:18:01.587 +05:30 [INF] Deinitializing Coplay services
2025-10-07 13:18:01.590 +05:30 [INF] EditorThreadHelper disposed
2025-10-07 13:18:04.902 +05:30 [INF] Initializing Coplay services
2025-10-07 13:18:04.924 +05:30 [INF] Initializing EditorThreadHelper
2025-10-07 13:18:04.925 +05:30 [INF] EditorThreadHelper initialized successfully
2025-10-07 13:19:07.166 +05:30 [INF] Deinitializing Coplay services
2025-10-07 13:19:07.171 +05:30 [INF] EditorThreadHelper disposed
2025-10-07 13:19:10.493 +05:30 [INF] Initializing Coplay services
2025-10-07 13:19:10.519 +05:30 [INF] Initializing EditorThreadHelper
2025-10-07 13:19:10.519 +05:30 [INF] EditorThreadHelper initialized successfully
2025-10-07 13:19:48.838 +05:30 [INF] Deinitializing Coplay services
2025-10-07 13:19:48.839 +05:30 [INF] EditorThreadHelper disposed
2025-10-07 13:19:51.899 +05:30 [INF] Initializing Coplay services
2025-10-07 13:19:51.921 +05:30 [INF] Initializing EditorThreadHelper
2025-10-07 13:19:51.921 +05:30 [INF] EditorThreadHelper initialized successfully
2025-10-07 13:21:18.247 +05:30 [INF] Deinitializing Coplay services
2025-10-07 13:21:18.251 +05:30 [INF] EditorThreadHelper disposed
2025-10-07 13:21:21.430 +05:30 [INF] Initializing Coplay services
2025-10-07 13:21:21.456 +05:30 [INF] Initializing EditorThreadHelper
2025-10-07 13:21:21.456 +05:30 [INF] EditorThreadHelper initialized successfully
2025-10-07 13:21:26.074 +05:30 [INF] Deinitializing Coplay services
2025-10-07 13:21:26.076 +05:30 [INF] EditorThreadHelper disposed
2025-10-07 13:21:28.962 +05:30 [INF] Initializing Coplay services
2025-10-07 13:21:28.984 +05:30 [INF] Initializing EditorThreadHelper
2025-10-07 13:21:28.985 +05:30 [INF] EditorThreadHelper initialized successfully
2025-10-07 13:21:49.810 +05:30 [INF] Deinitializing Coplay services
2025-10-07 13:21:49.811 +05:30 [INF] EditorThreadHelper disposed
2025-10-07 13:21:53.149 +05:30 [INF] Initializing Coplay services
2025-10-07 13:21:53.172 +05:30 [INF] Initializing EditorThreadHelper
2025-10-07 13:21:53.172 +05:30 [INF] EditorThreadHelper initialized successfully
2025-10-07 13:28:40.783 +05:30 [INF] Deinitializing Coplay services
2025-10-07 13:28:40.785 +05:30 [INF] EditorThreadHelper disposed
2025-10-07 13:28:43.510 +05:30 [INF] Initializing Coplay services
2025-10-07 13:28:43.528 +05:30 [INF] Initializing EditorThreadHelper
2025-10-07 13:28:43.528 +05:30 [INF] EditorThreadHelper initialized successfully
2025-10-07 13:28:47.365 +05:30 [INF] Deinitializing Coplay services
2025-10-07 13:28:47.367 +05:30 [INF] EditorThreadHelper disposed
2025-10-07 13:28:49.767 +05:30 [INF] Initializing Coplay services
2025-10-07 13:28:49.783 +05:30 [INF] Initializing EditorThreadHelper
2025-10-07 13:28:49.783 +05:30 [INF] EditorThreadHelper initialized successfully
2025-10-07 13:30:07.999 +05:30 [INF] Deinitializing Coplay services
2025-10-07 13:30:08.003 +05:30 [INF] EditorThreadHelper disposed
2025-10-07 13:30:10.665 +05:30 [INF] Initializing Coplay services
2025-10-07 13:30:10.682 +05:30 [INF] Initializing EditorThreadHelper
2025-10-07 13:30:10.682 +05:30 [INF] EditorThreadHelper initialized successfully
2025-10-07 13:30:32.656 +05:30 [INF] Deinitializing Coplay services
2025-10-07 13:30:32.659 +05:30 [INF] EditorThreadHelper disposed
2025-10-07 13:30:35.214 +05:30 [INF] Initializing Coplay services
2025-10-07 13:30:35.233 +05:30 [INF] Initializing EditorThreadHelper
2025-10-07 13:30:35.233 +05:30 [INF] EditorThreadHelper initialized successfully
2025-10-07 13:34:23.237 +05:30 [INF] Deinitializing Coplay services
2025-10-07 13:34:23.239 +05:30 [INF] EditorThreadHelper disposed
2025-10-07 13:34:25.882 +05:30 [INF] Initializing Coplay services
2025-10-07 13:34:25.894 +05:30 [INF] Initializing EditorThreadHelper
2025-10-07 13:34:25.894 +05:30 [INF] EditorThreadHelper initialized successfully
2025-10-07 13:52:52.621 +05:30 [INF] Deinitializing Coplay services
2025-10-07 13:52:52.625 +05:30 [INF] EditorThreadHelper disposed
2025-10-07 13:52:55.776 +05:30 [INF] Initializing Coplay services
2025-10-07 13:52:55.788 +05:30 [INF] Initializing EditorThreadHelper
2025-10-07 13:52:55.788 +05:30 [INF] EditorThreadHelper initialized successfully
2025-10-07 16:57:00.662 +05:30 [INF] Initializing Coplay services
2025-10-07 16:57:00.674 +05:30 [INF] Initializing EditorThreadHelper
2025-10-07 16:57:00.674 +05:30 [INF] EditorThreadHelper initialized successfully
2025-10-07 18:16:36.831 +05:30 [INF] Deinitializing Coplay services
2025-10-07 18:16:36.839 +05:30 [INF] EditorThreadHelper disposed
2025-10-07 18:16:52.151 +05:30 [INF] Initializing Coplay services
2025-10-07 18:16:52.172 +05:30 [INF] Initializing EditorThreadHelper
2025-10-07 18:16:52.172 +05:30 [INF] EditorThreadHelper initialized successfully
